[    0.000000] Initializing cgroup subsys cpuset
[    0.000000] Initializing cgroup subsys cpu
[    0.000000] Initializing cgroup subsys cpuacct
[    0.000000] Linux version 4.4.0-210-generic (buildd@lgw01-amd64-009) (gcc version 5.4.0 20160609 (Ubuntu 5.4.0-6ubuntu1~16.04.12) ) #242-Ubuntu SMP Fri Apr 16 09:57:56 UTC 2021 (Ubuntu 4.4.0-210.242-generic 4.4.262)
[    0.000000] Command line: BOOT_IMAGE=/boot/vmlinuz-4.4.0-210-generic root=LABEL=cloudimg-rootfs ro console=tty1 console=ttyS0
[    0.000000] KERNEL supported cpus:
[    0.000000]   Intel GenuineIntel
[    0.000000]   AMD AuthenticAMD
[    0.000000]   Centaur CentaurHauls
[    0.000000] [Firmware Bug]: TSC doesn't count with P0 frequency!
[    0.000000] x86/fpu: xstate_offset[2]:  576, xstate_sizes[2]:  256
[    0.000000] x86/fpu: Supporting XSAVE feature 0x01: 'x87 floating point registers'
[    0.000000] x86/fpu: Supporting XSAVE feature 0x02: 'SSE registers'
[    0.000000] x86/fpu: Supporting XSAVE feature 0x04: 'AVX registers'
[    0.000000] x86/fpu: Enabled xstate features 0x7, context size is 832 bytes, using 'standard' format.
[    0.000000] e820: BIOS-provided physical RAM map:
[    0.000000] BIOS-e820: [mem 0x0000000000000000-0x000000000009fbff] usable
[    0.000000] BIOS-e820: [mem 0x000000000009fc00-0x000000000009ffff] reserved
[    0.000000] BIOS-e820: [mem 0x00000000000f0000-0x00000000000fffff] reserved
[    0.000000] BIOS-e820: [mem 0x0000000000100000-0x000000003ffeffff] usable
[    0.000000] BIOS-e820: [mem 0x000000003fff0000-0x000000003fffffff] ACPI data
[    0.000000] BIOS-e820: [mem 0x00000000fec00000-0x00000000fec00fff] reserved
[    0.000000] BIOS-e820: [mem 0x00000000fee00000-0x00000000fee00fff] reserved
[    0.000000] BIOS-e820: [mem 0x00000000fffc0000-0x00000000ffffffff] reserved
[    0.000000] NX (Execute Disable) protection: active
[    0.000000] SMBIOS 2.5 present.
[    0.000000] Hypervisor detected: KVM
[    0.000000] Kernel/User page tables isolation: disabled
[    0.000000] e820: last_pfn = 0x3fff0 max_arch_pfn = 0x400000000
[    0.000000] MTRR: Disabled
[    0.000000] x86/PAT: MTRRs disabled, skipping PAT initialization too.
[    0.000000] CPU MTRRs all blank - virtualized system.
[    0.000000] x86/PAT: Configuration [0-7]: WB  WT  UC- UC  WB  WT  UC- UC  
[    0.000000] found SMP MP-table at [mem 0x0009fff0-0x0009ffff] mapped at [ffff88000009fff0]
[    0.000000] Scanning 1 areas for low memory corruption
[    0.000000] RAMDISK: [mem 0x362dc000-0x37165fff]
[    0.000000] ACPI: Early table checksum verification disabled
[    0.000000] ACPI: RSDP 0x00000000000E0000 000024 (v02 VBOX  )
[    0.000000] ACPI: XSDT 0x000000003FFF0030 00003C (v01 VBOX   VBOXXSDT 00000001 ASL  00000061)
[    0.000000] ACPI: FACP 0x000000003FFF00F0 0000F4 (v04 VBOX   VBOXFACP 00000001 ASL  00000061)
[    0.000000] ACPI: DSDT 0x000000003FFF0470 002325 (v02 VBOX   VBOXBIOS 00000002 INTL 20100528)
[    0.000000] ACPI: FACS 0x000000003FFF0200 000040
[    0.000000] ACPI: FACS 0x000000003FFF0200 000040
[    0.000000] ACPI: APIC 0x000000003FFF0240 00005C (v02 VBOX   VBOXAPIC 00000001 ASL  00000061)
[    0.000000] ACPI: SSDT 0x000000003FFF02A0 0001CC (v01 VBOX   VBOXCPUT 00000002 INTL 20100528)
[    0.000000] No NUMA configuration found
[    0.000000] Faking a node at [mem 0x0000000000000000-0x000000003ffeffff]
[    0.000000] NODE_DATA(0) allocated [mem 0x3ffeb000-0x3ffeffff]
[    0.000000] kvm-clock: Using msrs 4b564d01 and 4b564d00
[    0.000000] kvm-clock: cpu 0, msr 0:3ffe3001, primary cpu clock
[    0.000000] kvm-clock: using sched offset of 4867597089 cycles
[    0.000000] clocksource: kvm-clock: mask: 0xffffffffffffffff max_cycles: 0x1cd42e4dffb, max_idle_ns: 881590591483 ns
[    0.000000] Zone ranges:
[    0.000000]   DMA      [mem 0x0000000000001000-0x0000000000ffffff]
[    0.000000]   DMA32    [mem 0x0000000001000000-0x000000003ffeffff]
[    0.000000]   Normal   empty
[    0.000000]   Device   empty
[    0.000000] Movable zone start for each node
[    0.000000] Early memory node ranges
[    0.000000]   node   0: [mem 0x0000000000001000-0x000000000009efff]
[    0.000000]   node   0: [mem 0x0000000000100000-0x000000003ffeffff]
[    0.000000] Initmem setup node 0 [mem 0x0000000000001000-0x000000003ffeffff]
[    0.000000] ACPI: PM-Timer IO Port: 0x4008
[    0.000000] IOAPIC[0]: apic_id 2, version 32, address 0xfec00000, GSI 0-23
[    0.000000] ACPI: INT_SRC_OVR (bus 0 bus_irq 0 global_irq 2 dfl dfl)
[    0.000000] ACPI: INT_SRC_OVR (bus 0 bus_irq 9 global_irq 9 low level)
[    0.000000] Using ACPI (MADT) for SMP configuration information
[    0.000000] smpboot: Allowing 2 CPUs, 0 hotplug CPUs
[    0.000000] PM: Registered nosave memory: [mem 0x00000000-0x00000fff]
[    0.000000] PM: Registered nosave memory: [mem 0x0009f000-0x0009ffff]
[    0.000000] PM: Registered nosave memory: [mem 0x000a0000-0x000effff]
[    0.000000] PM: Registered nosave memory: [mem 0x000f0000-0x000fffff]
[    0.000000] e820: [mem 0x40000000-0xfebfffff] available for PCI devices
[    0.000000] Booting paravirtualized kernel on KVM
[    0.000000] clocksource: refined-jiffies: mask: 0xffffffff max_cycles: 0xffffffff, max_idle_ns: 7645519600211568 ns
[    0.000000] setup_percpu: NR_CPUS:512 nr_cpumask_bits:512 nr_cpu_ids:2 nr_node_ids:1
[    0.000000] PERCPU: Embedded 33 pages/cpu @ffff88003fc00000 s95192 r8192 d31784 u1048576
[    0.000000] Built 1 zonelists in Node order, mobility grouping on.  Total pages: 257912
[    0.000000] Policy zone: DMA32
[    0.000000] Kernel command line: BOOT_IMAGE=/boot/vmlinuz-4.4.0-210-generic root=LABEL=cloudimg-rootfs ro console=tty1 console=ttyS0
[    0.000000] PID hash table entries: 4096 (order: 3, 32768 bytes)
[    0.000000] Memory: 997792K/1048120K available (8644K kernel code, 1332K rwdata, 4044K rodata, 1492K init, 1164K bss, 50328K reserved, 0K cma-reserved)
[    0.000000] SLUB: HWalign=64, Order=0-3, MinObjects=0, CPUs=2, Nodes=1
[    0.000000] Hierarchical RCU implementation.
[    0.000000] 	Build-time adjustment of leaf fanout to 64.
[    0.000000] 	RCU restricting CPUs from NR_CPUS=512 to nr_cpu_ids=2.
[    0.000000] RCU: Adjusting geometry for rcu_fanout_leaf=64, nr_cpu_ids=2
[    0.000000] NR_IRQS:33024 nr_irqs:440 16
[    0.000000] Console: colour VGA+ 80x25
[    0.000000] console [tty1] enabled
[    0.000000] console [ttyS0] enabled
[    0.000000] tsc: Detected 3293.842 MHz processor
[    0.275045] Calibrating delay loop (skipped) preset value.. 6587.68 BogoMIPS (lpj=13175368)
[    0.278225] pid_max: default: 32768 minimum: 301
[    0.280187] ACPI: Core revision 20150930
[    0.282608] ACPI: 2 ACPI AML tables successfully acquired and loaded
[    0.285085] Security Framework initialized
[    0.286523] Yama: becoming mindful.
[    0.287706] AppArmor: AppArmor initialized
[    0.289375] Dentry cache hash table entries: 131072 (order: 8, 1048576 bytes)
[    0.291970] Inode-cache hash table entries: 65536 (order: 7, 524288 bytes)
[    0.297293] Mount-cache hash table entries: 2048 (order: 2, 16384 bytes)
[    0.299820] Mountpoint-cache hash table entries: 2048 (order: 2, 16384 bytes)
[    0.302706] Initializing cgroup subsys io
[    0.304668] Initializing cgroup subsys memory
[    0.306504] Initializing cgroup subsys devices
[    0.308187] Initializing cgroup subsys freezer
[    0.310379] Initializing cgroup subsys net_cls
[    0.312068] Initializing cgroup subsys perf_event
[    0.314165] Initializing cgroup subsys net_prio
[    0.315966] Initializing cgroup subsys hugetlb
[    0.317859] Initializing cgroup subsys pids
[    0.319584] mce: CPU supports 0 MCE banks
[    0.321308] Last level iTLB entries: 4KB 512, 2MB 1024, 4MB 512
[    0.323583] Last level dTLB entries: 4KB 1024, 2MB 1024, 4MB 512, 1GB 0
[    0.325971] Spectre V1 : Mitigation: usercopy/swapgs barriers and __user pointer sanitization
[    0.329499] Spectre V2 : Spectre mitigation: LFENCE not serializing, switching to generic retpoline
[    0.332624] Spectre V2 : Mitigation: Full generic retpoline
[    0.334671] Spectre V2 : Spectre v2 / SpectreRSB mitigation: Filling RSB on context switch
[    0.341061] Freeing SMP alternatives memory: 36K
[    0.349902] ftrace: allocating 32380 entries in 127 pages
[    0.421414] smpboot: APIC(0) Converting physical 0 to logical package 0
[    0.424012] smpboot: Max logical packages: 1
[    0.425751] x2apic enabled
[    0.427241] Switched APIC routing to physical x2apic.
[    0.430778] ..TIMER: vector=0x30 apic1=0 pin1=2 apic2=-1 pin2=-1
[    0.540959] APIC calibration not consistent with PM-Timer: 111ms instead of 100ms
[    0.544064] APIC delta adjusted to PM-Timer: 6429784 (7186710)
[    0.546362] smpboot: CPU0: AMD A8-7650K Radeon R7, 10 Compute Cores 4C+6G (family: 0x15, model: 0x30, stepping: 0x1)
[    0.550626] Performance Events: Broken PMU hardware detected, using software events only.
[    0.553652] Failed to access perfctr msr (MSR c0010007 is 0)
[    0.569531] KVM setup paravirtual spinlock
[    0.572300] x86: Booting SMP configuration:
[    0.573866] .... node  #0, CPUs:      #1
[    0.575414] kvm-clock: cpu 1, msr 0:3ffe3041, secondary cpu clock
[    0.577634] mce: CPU supports 0 MCE banks
[    0.580839] x86: Booted up 1 node, 2 CPUs
[    0.582840] smpboot: Total of 2 processors activated (13175.36 BogoMIPS)
[    0.586301] devtmpfs: initialized
[    0.589539] evm: security.selinux
[    0.590985] evm: security.SMACK64
[    0.592336] evm: security.SMACK64EXEC
[    0.594382] evm: security.SMACK64TRANSMUTE
[    0.596044] evm: security.SMACK64MMAP
[    0.597550] evm: security.ima
[    0.598803] evm: security.capability
[    0.602616] clocksource: jiffies: mask: 0xffffffff max_cycles: 0xffffffff, max_idle_ns: 7645041785100000 ns
[    0.606443] futex hash table entries: 512 (order: 3, 32768 bytes)
[    0.608961] pinctrl core: initialized pinctrl subsystem
[    0.611096] RTC time: 15:01:32, date: 08/11/22
[    0.613141] NET: Registered protocol family 16
[    0.624063] cpuidle: using governor ladder
[    0.635756] cpuidle: using governor menu
[    0.637375] PCCT header not found.
[    0.639001] ACPI: bus type PCI registered
[    0.640393] acpiphp: ACPI Hot Plug PCI Controller Driver version: 0.5
[    0.642719] PCI: Using configuration type 1 for base access
[    0.645021] PCI: Using configuration type 1 for extended access
[    0.660396] ACPI: Added _OSI(Module Device)
[    0.662018] ACPI: Added _OSI(Processor Device)
[    0.663825] ACPI: Added _OSI(3.0 _SCP Extensions)
[    0.665656] ACPI: Added _OSI(Processor Aggregator Device)
[    0.668625] ACPI: Executed 1 blocks of module-level executable AML code
[    0.673759] ACPI: Interpreter enabled
[    0.675293] ACPI: (supports S0 S5)
[    0.676862] ACPI: Using IOAPIC for interrupt routing
[    0.678852] PCI: Using host bridge windows from ACPI; if necessary, use "pci=nocrs" and report a bug
[    0.686918] ACPI: PCI Root Bridge [PCI0] (domain 0000 [bus 00-ff])
[    0.689322] acpi PNP0A03:00: _OSC: OS supports [ExtendedConfig ASPM ClockPM Segments MSI]
[    0.693262] acpi PNP0A03:00: _OSC: platform does not support [PCIeCapability]
[    0.696100] acpi PNP0A03:00: _OSC: not requesting control; platform does not support [PCIeCapability]
[    0.699680] acpi PNP0A03:00: _OSC: OS requested [PCIeHotplug PME AER PCIeCapability]
[    0.702722] acpi PNP0A03:00: _OSC: platform willing to grant [PCIeHotplug PME AER]
[    0.705654] acpi PNP0A03:00: _OSC failed (AE_SUPPORT); disabling ASPM
[    0.708847] PCI host bridge to bus 0000:00
[    0.724121] pci_bus 0000:00: root bus resource [io  0x0000-0x0cf7 window]
[    0.726736] pci_bus 0000:00: root bus resource [io  0x0d00-0xffff window]
[    0.729064] pci_bus 0000:00: root bus resource [mem 0x000a0000-0x000bffff window]
[    0.732024] pci_bus 0000:00: root bus resource [mem 0x40000000-0xfdffffff window]
[    0.734986] pci_bus 0000:00: root bus resource [bus 00-ff]
[    0.739914] pci 0000:00:01.1: legacy IDE quirk: reg 0x10: [io  0x01f0-0x01f7]
[    0.742702] pci 0000:00:01.1: legacy IDE quirk: reg 0x14: [io  0x03f6]
[    0.745236] pci 0000:00:01.1: legacy IDE quirk: reg 0x18: [io  0x0170-0x0177]
[    0.748015] pci 0000:00:01.1: legacy IDE quirk: reg 0x1c: [io  0x0376]
[    0.790938] pci 0000:00:07.0: quirk: [io  0x4000-0x403f] claimed by PIIX4 ACPI
[    0.794113] pci 0000:00:07.0: quirk: [io  0x4100-0x410f] claimed by PIIX4 SMB
[    0.811012] ACPI: PCI Interrupt Link [LNKA] (IRQs 5 9 10 *11)
[    0.813963] ACPI: PCI Interrupt Link [LNKB] (IRQs 5 9 *10 11)
[    0.816497] ACPI: PCI Interrupt Link [LNKC] (IRQs 5 *9 10 11)
[    0.819227] ACPI: PCI Interrupt Link [LNKD] (IRQs 5 9 10 *11)
[    0.822231] ACPI: Enabled 2 GPEs in block 00 to 07
[    0.824549] vgaarb: setting as boot device: PCI:0000:00:02.0
[    0.826725] vgaarb: device added: PCI:0000:00:02.0,decodes=io+mem,owns=io+mem,locks=none
[    0.829998] vgaarb: loaded
[    0.831287] vgaarb: bridge control possible 0000:00:02.0
[    0.833729] SCSI subsystem initialized
[    0.835209] ACPI: bus type USB registered
[    0.837014] usbcore: registered new interface driver usbfs
[    0.839208] usbcore: registered new interface driver hub
[    0.841283] usbcore: registered new device driver usb
[    0.843795] PCI: Using ACPI for IRQ routing
[    0.845838] NetLabel: Initializing
[    0.847234] NetLabel:  domain hash size = 128
[    0.848968] NetLabel:  protocols = UNLABELED CIPSOv4
[    0.850898] NetLabel:  unlabeled traffic allowed by default
[    0.853525] amd_nb: Cannot enumerate AMD northbridges
[    0.855610] clocksource: Switched to clocksource kvm-clock
[    0.871456] AppArmor: AppArmor Filesystem Enabled
[    0.873615] pnp: PnP ACPI init
[    0.876024] pnp: PnP ACPI: found 3 devices
[    0.888726] clocksource: acpi_pm: mask: 0xffffff max_cycles: 0xffffff, max_idle_ns: 2085701024 ns
[    0.892602] NET: Registered protocol family 2
[    0.894680] TCP established hash table entries: 8192 (order: 4, 65536 bytes)
[    0.897184] TCP bind hash table entries: 8192 (order: 5, 131072 bytes)
[    0.899708] TCP: Hash tables configured (established 8192 bind 8192)
[    0.901756] UDP hash table entries: 512 (order: 2, 16384 bytes)
[    0.903876] UDP-Lite hash table entries: 512 (order: 2, 16384 bytes)
[    0.906253] NET: Registered protocol family 1
[    0.907915] pci 0000:00:00.0: Limiting direct PCI/PCI transfers
[    0.910241] pci 0000:00:01.0: Activating ISA DMA hang workarounds
[    0.914570] Unpacking initramfs...
[    1.216763] Freeing initrd memory: 14888K
[    1.218437] clocksource: tsc: mask: 0xffffffffffffffff max_cycles: 0x2f7a92b63c4, max_idle_ns: 440795219646 ns
[    1.221924] platform rtc_cmos: registered platform RTC device (no PNP device found)
[    1.224861] Scanning for low memory corruption every 60 seconds
[    1.227100] audit: initializing netlink subsys (disabled)
[    1.229514] audit: type=2000 audit(1660230099.005:1): initialized
[    1.232225] Initialise system trusted keyring
[    1.234594] HugeTLB registered 2 MB page size, pre-allocated 0 pages
[    1.240010] zbud: loaded
[    1.241663] VFS: Disk quotas dquot_6.6.0
[    1.243092] VFS: Dquot-cache hash table entries: 512 (order 0, 4096 bytes)
[    1.245969] squashfs: version 4.0 (2009/01/31) Phillip Lougher
[    1.249290] fuse init (API version 7.23)
[    1.251237] Key type big_key registered
[    1.252764] Allocating IMA MOK and blacklist keyrings.
[    1.259648] Key type asymmetric registered
[    1.261222] Asymmetric key parser 'x509' registered
[    1.262996] Block layer SCSI generic (bsg) driver version 0.4 loaded (major 249)
[    1.265874] io scheduler noop registered
[    1.267281] io scheduler deadline registered (default)
[    1.269208] io scheduler cfq registered
[    1.270778] pci_hotplug: PCI Hot Plug PCI Core version: 0.5
[    1.273283] pciehp: PCI Express Hot Plug Controller Driver version: 0.4
[    1.275976] ACPI: AC Adapter [AC] (on-line)
[    1.277737] input: Power Button as /devices/LNXSYSTM:00/LNXPWRBN:00/input/input0
[    1.280553] ACPI: Power Button [PWRF]
[    1.281934] input: Sleep Button as /devices/LNXSYSTM:00/LNXSLPBN:00/input/input1
[    1.285047] ACPI: Sleep Button [SLPF]
[    1.286938] GHES: HEST is not enabled!
[    1.288962] Serial: 8250/16550 driver, 32 ports, IRQ sharing enabled
[    1.312346] 00:02: ttyS0 at I/O 0x3f8 (irq = 4, base_baud = 115200) is a 16550A
[    1.319531] Linux agpgart interface v0.103
[    1.325299] loop: module loaded
[    1.327904] scsi host0: ata_piix
[    1.330008] scsi host1: ata_piix
[    1.331737] ata1: PATA max UDMA/33 cmd 0x1f0 ctl 0x3f6 bmdma 0xd000 irq 14
[    1.334476] ata2: PATA max UDMA/33 cmd 0x170 ctl 0x376 bmdma 0xd008 irq 15
[    1.338030] libphy: Fixed MDIO Bus: probed
[    1.339897] tun: Universal TUN/TAP device driver, 1.6
[    1.341967] tun: (C) 1999-2004 Max Krasnyansky <maxk@qualcomm.com>
[    1.344908] PPP generic driver version 2.4.2
[    1.346758] ehci_hcd: USB 2.0 'Enhanced' Host Controller (EHCI) Driver
[    1.349380] ehci-pci: EHCI PCI platform driver
[    1.351217] ehci-platform: EHCI generic platform driver
[    1.353280] ohci_hcd: USB 1.1 'Open' Host Controller (OHCI) Driver
[    1.355311] ohci-pci: OHCI PCI platform driver
[    1.357222] ohci-platform: OHCI generic platform driver
[    1.359085] uhci_hcd: USB Universal Host Controller Interface driver
[    1.361712] i8042: PNP: PS/2 Controller [PNP0303:PS2K,PNP0f03:PS2M] at 0x60,0x64 irq 1,12
[    1.365949] serio: i8042 KBD port at 0x60,0x64 irq 1
[    1.367902] serio: i8042 AUX port at 0x60,0x64 irq 12
[    1.370019] mousedev: PS/2 mouse device common for all mice
[    1.372830] input: AT Translated Set 2 keyboard as /devices/platform/i8042/serio0/input/input2
[    1.376894] rtc_cmos rtc_cmos: rtc core: registered rtc_cmos as rtc0
[    1.379689] rtc_cmos rtc_cmos: alarms up to one day, 114 bytes nvram
[    1.382051] i2c /dev entries driver
[    1.384867] device-mapper: uevent: version 1.0.3
[    1.386873] device-mapper: ioctl: 4.34.0-ioctl (2015-10-28) initialised: dm-devel@redhat.com
[    1.390111] ledtrig-cpu: registered to indicate activity on CPUs
[    1.392979] x86/pm: family 0x15 cpu detected, MSR saving is needed during suspending.
[    1.396846] NET: Registered protocol family 10
[    1.398987] NET: Registered protocol family 17
[    1.400959] Key type dns_resolver registered
[    1.403863] registered taskstats version 1
[    1.405727] Loading compiled-in X.509 certificates
[    1.408651] Loaded X.509 cert 'Build time autogenerated kernel key: cf00e047681d67edb2720680708b7d9498083038'
[    1.412337] zswap: loaded using pool lzo/zbud
[    1.420356] Key type trusted registered
[    1.427700] Key type encrypted registered
[    1.429910] AppArmor: AppArmor sha1 policy hashing enabled
[    1.431875] ima: No TPM chip found, activating TPM-bypass!
[    1.434457] ima: Allocated hash algorithm: sha1
[    1.436409] evm: HMAC attrs: 0x1
[    1.438516]   Magic number: 2:391:32
[    1.440496] rtc_cmos rtc_cmos: setting system clock to 2022-08-11 15:01:33 UTC (1660230093)
[    1.444575] BIOS EDD facility v0.16 2004-Jun-25, 0 devices found
[    1.447100] EDD information not available.
[    1.517769] Freeing unused kernel memory: 1492K
[    1.519711] Write protecting the kernel read-only data: 14336k
[    1.522914] Freeing unused kernel memory: 1584K
[    1.524915] Freeing unused kernel memory: 52K
Loading, please wait...
starting version 229
[    1.547931] random: systemd-udevd: uninitialized urandom read (16 bytes read, 2 bits of entropy available)
[    1.548916] random: udevadm: uninitialized urandom read (16 bytes read, 2 bits of entropy available)
[    1.548944] random: udevadm: uninitialized urandom read (16 bytes read, 2 bits of entropy available)
[    1.558548] random: systemd-udevd: uninitialized urandom read (16 bytes read, 2 bits of entropy available)
[    1.562433] random: systemd-udevd: uninitialized urandom read (16 bytes read, 2 bits of entropy available)
[    1.562987] random: udevadm: uninitialized urandom read (16 bytes read, 2 bits of entropy available)
[    1.563051] random: udevadm: uninitialized urandom read (16 bytes read, 2 bits of entropy available)
[    1.563230] random: udevadm: uninitialized urandom read (16 bytes read, 2 bits of entropy available)
[    1.563301] random: udevadm: uninitialized urandom read (16 bytes read, 2 bits of entropy available)
[    1.563371] random: udevadm: uninitialized urandom read (16 bytes read, 2 bits of entropy available)
[    1.625401] Fusion MPT base driver 3.04.20
[    1.628099] Copyright (c) 1999-2008 LSI Corporation
[    1.630120] e1000: Intel(R) PRO/1000 Network Driver - version 7.3.21-k8-NAPI
[    1.632866] e1000: Copyright (c) 1999-2006 Intel Corporation.
[    1.646417] Fusion MPT SPI Host driver 3.04.20
[    1.669297] AVX version of gcm_enc/dec engaged.
[    1.671079] AES CTR mode by8 optimization enabled
[    2.097947] input: ImExPS/2 Generic Explorer Mouse as /devices/platform/i8042/serio1/input/input4
[    2.127263] e1000 0000:00:03.0 eth0: (PCI:33MHz:32-bit) 02:be:82:6b:cc:1d
[    2.130132] e1000 0000:00:03.0 eth0: Intel(R) PRO/1000 Network Connection
[    2.134406] mptbase: ioc0: Initiating bringup
[    2.135260] e1000 0000:00:03.0 enp0s3: renamed from eth0
[    2.564067] ioc0: LSI53C1030 A0: Capabilities={Initiator}
[    3.158153] scsi host2: ioc0: LSI53C1030 A0, FwRev=00000000h, Ports=1, MaxQ=256, IRQ=20
[    3.289192] scsi 2:0:0:0: Direct-Access     VBOX     HARDDISK         1.0  PQ: 0 ANSI: 5
[    3.292007] scsi target2:0:0: Beginning Domain Validation
[    3.295408] scsi target2:0:0: Domain Validation skipping write tests
[    3.297675] scsi target2:0:0: Ending Domain Validation
[    3.299694] scsi target2:0:0: asynchronous
[    3.301904] scsi 2:0:1:0: Direct-Access     VBOX     HARDDISK         1.0  PQ: 0 ANSI: 5
[    3.305009] scsi target2:0:1: Beginning Domain Validation
[    3.308585] scsi target2:0:1: Domain Validation skipping write tests
[    3.310735] scsi target2:0:1: Ending Domain Validation
[    3.312434] scsi target2:0:1: asynchronous
[    3.322847] sd 2:0:0:0: Attached scsi generic sg0 type 0
[    3.323306] sd 2:0:0:0: [sda] 83886080 512-byte logical blocks: (42.9 GB/40.0 GiB)
[    3.323718] sd 2:0:0:0: [sda] Write Protect is off
[    3.323876] sd 2:0:0:0: [sda] Incomplete mode parameter data
[    3.323878] sd 2:0:0:0: [sda] Assuming drive cache: write through
[    3.334977] sd 2:0:1:0: Attached scsi generic sg1 type 0
[    3.335142] sd 2:0:1:0: [sdb] 20480 512-byte logical blocks: (10.5 MB/10.0 MiB)
[    3.335379] sd 2:0:1:0: [sdb] Write Protect is off
[    3.335491] sd 2:0:1:0: [sdb] Incomplete mode parameter data
[    3.335492] sd 2:0:1:0: [sdb] Assuming drive cache: write through
[    3.336082]  sda: sda1
[    3.337051] sd 2:0:0:0: [sda] Attached SCSI disk
[    3.354039] sd 2:0:1:0: [sdb] Attached SCSI disk
Begin: Loading essential drivers ... [    5.018434] md: linear personality registered for level -1
[    5.025800] md: multipath personality registered for level -4
[    5.041511] md: raid0 personality registered for level 0
[    5.050439] md: raid1 personality registered for level 1
[    5.128827] raid6: sse2x1   gen()  4242 MB/s
[    5.195711] raid6: sse2x1   xor()  4256 MB/s
[    5.263715] raid6: sse2x2   gen()  8786 MB/s
[    5.332129] raid6: sse2x2   xor()  6400 MB/s
[    5.400641] raid6: sse2x4   gen()  6954 MB/s
[    5.467808] raid6: sse2x4   xor()  3727 MB/s
[    5.469576] raid6: using algorithm sse2x2 gen() 8786 MB/s
[    5.471604] raid6: .... xor() 6400 MB/s, rmw enabled
[    5.473298] raid6: using ssse3x2 recovery algorithm
[    5.476850] xor: automatically using best checksumming function:
[    5.517559]    avx       : 12536.000 MB/sec
[    5.521058] async_tx: api initialized (async)
[    5.535949] md: raid6 personality registered for level 6
[    5.537943] md: raid5 personality registered for level 5
[    5.539684] md: raid4 personality registered for level 4
[    5.551911] md: raid10 personality registered for level 10
done.
Begin: Running /scripts/init-premount ... done.
Begin: Mounting root file system ... Begin: Running /scripts/local-top ... done.
Begin: Running /scripts/local-premount ... [    5.595957] Btrfs loaded
Scanning for Btrfs filesystems
done.
Warning: fsck not present, so skipping root file system
[    5.673433] EXT4-fs (sda1): mounted filesystem with ordered data mode. Opts: (null)
done.
Begin: Running /scripts/local-bottom ... done.
Begin: Running /scripts/init-bottom ... done.
[    6.510031] systemd[1]: systemd 229 running in system mode. (+PAM +AUDIT +SELINUX +IMA +APPARMOR +SMACK +SYSVINIT +UTMP +LIBCRYPTSETUP +GCRYPT +GNUTLS +ACL +XZ -LZ4 +SECCOMP +BLKID +ELFUTILS +KMOD -IDN)
[    6.516849] systemd[1]: Detected virtualization oracle.
[    6.518818] systemd[1]: Detected architecture x86-64.

Welcome to [1mUbuntu 16.04.7 LTS[0m!

[    6.587772] systemd[1]: Set hostname to <ubuntu>.
[    6.615466] systemd[1]: Initializing machine ID from random generator.
[    6.618119] systemd[1]: Installed transient /etc/machine-id file.
[    6.783055] random: nonblocking pool is initialized
[    7.794162] systemd[1]: Listening on fsck to fsckd communication Socket.
[[0;32m  OK  [0m] Listening on fsck to fsckd communication Socket.
[    7.798979] systemd[1]: Created slice User and Session Slice.
[[0;32m  OK  [0m] Created slice User and Session Slice.
[    7.802593] systemd[1]: Reached target Swap.
[[0;32m  OK  [0m] Reached target Swap.
[    7.805296] systemd[1]: Listening on Journal Socket.
[[0;32m  OK  [0m] Listening on Journal Socket.
[    7.808424] systemd[1]: Listening on Device-mapper event daemon FIFOs.
[[0;32m  OK  [0m] Listening on Device-mapper event daemon FIFOs.
[    7.812065] systemd[1]: Listening on /dev/initctl Compatibility Named Pipe.
[[0;32m  OK  [0m] Listening on /dev/initctl Compatibility Named Pipe.
[    7.816242] systemd[1]: Listening on Journal Audit Socket.
[[0;32m  OK  [0m] Listening on Journal Audit Socket.
[    7.819347] systemd[1]: Listening on Syslog Socket.
[[0;32m  OK  [0m] Listening on Syslog Socket.
[    7.822687] systemd[1]: Started Trigger resolvconf update for networkd DNS.
[[0;32m  OK  [0m] Started Trigger resolvconf update for networkd DNS.
[    7.826756] systemd[1]: Started Forward Password Requests to Wall Directory Watch.
[[0;32m  OK  [0m] Started Forward Password Requests to Wall Directory Watch.
[    7.831417] systemd[1]: Listening on udev Kernel Socket.
[[0;32m  OK  [0m] Listening on udev Kernel Socket.
[    7.834887] systemd[1]: Listening on LVM2 metadata daemon socket.
[[0;32m  OK  [0m] Listening on LVM2 metadata daemon socket.
[    7.838406] systemd[1]: Reached target User and Group Name Lookups.
[[0;32m  OK  [0m] Reached target User and Group Name Lookups.
[    7.842135] systemd[1]: Set up automount Arbitrary Executable File Formats File System Automount Point.
[[0;32m  OK  [0m] Set up automount Arbitrary Executab...ats File System Automount Point.
[    7.847519] systemd[1]: Created slice System Slice.
[[0;32m  OK  [0m] Created slice System Slice.
[    7.876383] systemd[1]: Mounting POSIX Message Queue File System...
         Mounting POSIX Message Queue File System...
[    7.956661] systemd[1]: Starting Nameserver information manager...
         Starting Nameserver information manager...
[    7.961279] systemd[1]: Mounting Debug File System...
         Mounting Debug File System...
[    7.967528] systemd[1]: Starting File System Check on Root Device...
         Starting File System Check on Root Device...
[    7.974271] systemd[1]: Starting Create list of required static device nodes for the current kernel...
         Starting Create list of required st... nodes for the current kernel...
[    7.986791] systemd[1]: Mounting Huge Pages File System...
         Mounting Huge Pages File System...
[    7.994686] systemd[1]: Reached target Slices.
[[0;32m  OK  [0m] Reached target Slices.
[    8.036059] systemd[1]: Starting Load Kernel Modules...
         Starting Load Kernel Modules...
[    8.043550] systemd[1]: Starting Uncomplicated firewall...
         Starting Uncomplicated firewall...
[    8.049010] systemd[1]: Starting Set console keymap...
         Starting Set console keymap...
[    8.053345] systemd[1]: Listening on Journal Socket (/dev/log).
[[0;32m  OK  [0m] Listening on Journal Socket (/dev/log).
[    8.061265] systemd[1]: Starting Journal Service...
         Starting Journal Service...
[    8.068233] systemd[1]: Reached target Encrypted Volumes.
[[0;32m  OK  [0m] Reached target Encrypted Volumes.
[    8.074660] systemd[1]: Listening on udev Control Socket.
[[0;32m  OK  [0m] Listening on udev Control Socket.
[    8.079124] systemd[1]: Listening on LVM2 poll daemon socket.
[[0;32m  OK  [0m] Listening on LVM2 poll daemon socket.
[    8.092365] systemd[1]: Starting Monitoring of LVM2 mirrors, snapshots etc. using dmeventd or progress polling...
         Starting Monitoring of LVM2 mirrors... dmeventd or progress polling...
[    8.098512] systemd[1]: Reached target System Time Synchronized.
[[0;32m  OK  [0m] Reached target System Time Synchronized.
[    8.103155] systemd[1]: Created slice system-serial\x2dgetty.slice.
[[0;32m  OK  [0m] Created slice system-serial\x2dgetty.slice.
[    8.110116] systemd[1]: Mounted Huge Pages File System.
[[0;32m  OK  [0m] Mounted Huge Pages File System.
[    8.113774] systemd[1]: Mounted POSIX Message Queue File System.
[[0;32m  OK  [0m] Mounted POSIX Message Queue File System.
[    8.118165] systemd[1]: Mounted Debug File System.
[[0;32m  OK  [0m] Mounted Debug File System.
[    8.123709] systemd[1]: Started Create list of required static device nodes for the current kernel.
[[0;32m  OK  [0m] Started Create list of required sta...ce nodes for the current kernel.
[    8.137471] systemd[1]: Started Uncomplicated firewall.
[[0;32m  OK  [0m] Started Uncomplicated firewall.
[    8.143489] systemd[1]: Started File System Check Daemon to report status.
[[0;32m  OK  [0m] Started File System Check Daemon to report status.
[    8.151511] systemd[1]: Starting Create Static Device Nodes in /dev...
         Starting Create Static Device Nodes in /dev...
[    8.159149] systemd[1]: Started Nameserver information manager.
[[0;32m  OK  [0m] Started Nameserver information manager.
[    8.325169] systemd[1]: Started Set console keymap.
[[0;32m  OK  [0[    8.327501] Loading iSCSI transport class v2.0-870.
m] Started Set console keymap.
[    8.337091] systemd[1]: Started File System Check on Root Device.
[[0;32m  OK  [0m] Started File System Check on Root Device.
[    8.352115] systemd[1]: Starting Remount Root and Kernel File Systems...
         Starting Remount Root and Kernel File Systems...
[    8.427134] EXT4-fs (sda1): re-mounted. Opts: (null)
[    8.430614] systemd[1]: Started Remount Root and Kernel File Systems.
[[0;32m  OK  [0m] Started Remount Root and Kernel File Systems.
[    8.452186] systemd[1]: Starting Load/Save Random Seed...
         Starting Load/Save Random Seed...
[    8.474945] systemd[1]: Starting udev Coldplug all Devices...
         Starting udev Coldplug all Devices...
[    8.479493] systemd[1]: Started Journal Service.
[[0;32m  OK  [0m] Started Journal Service.
         Starting Flush Journal to Persistent Storage...
[[0;32m  OK  [0m] Started LVM2 metadata daemon.
[[0;32m  OK  [0m] Started Load/Save Random Seed.
[[0;32m  OK  [0m] Started udev Coldplug all Devices.
[    8.745980] systemd-journald[395]: Received request to flush runtime journal from PID 1
[    8.761674] iscsi: registered transport (tcp)
[[0;32m  OK  [0m] Started Flush Journal to Persistent Storage.
[[0;32m  OK  [0m] Started Create Static Device Nodes in /dev.
         Starting udev Kernel Device Manager...
[    9.090916] iscsi: registered transport (iser)
[[0;32m  OK  [0m] Started Monitoring of LVM2 mirrors,...ng dmeventd or progress polling.
[[0;32m  OK  [0m] Reached target Local File Systems (Pre).
[[0;32m  OK  [0m] Reached target Local File Systems.
         Starting Tell Plymouth To Write Out Runtime Data...
         Starting LSB: AppArmor initialization...
         Starting Create Volatile Files and Directories...
         Starting Initial cloud-init job (pre-networking)...
         Starting Set console font and keymap...
         Starting Commit a transient machine-id on disk...
[[0;32m  OK  [0m] Started Load Kernel Modules.
         Mounting FUSE Control File System...
         Starting Apply Kernel Variables...
[[0;32m  OK  [0m] Mounted FUSE Control File System.
[[0;32m  OK  [0m] Started Tell Plymouth To Write Out Runtime Data.
[[0;32m  OK  [0m] Started Commit a transient machine-id on disk.
[[0;32m  OK  [0m] Started Create Volatile Files and Directories.
         Starting Update UTMP about System Boot/Shutdown...
[[0;32m  OK  [0m] Started Update UTMP about System Boot/Shutdown.
[[0;32m  OK  [0m] Started Apply Kernel Variables.
[[0;32m  OK  [0m] Started udev Kernel Device Manager.
[[0;32m  OK  [0m] Started Dispatch Password Requests to Console Directory Watch.
[[0;32m  OK  [0m] Started Set console font and keymap.
[[0;32m  OK  [0m] Created slice system-getty.slice.
[[0;32m  OK  [0m] Found device /dev/ttyS0.
[[0;32m  OK  [0m] Listening on Load/Save RF Kill Switch Status /dev/rfkill Watch.
[[0;32m  OK  [0m] Started LSB: AppArmor initialization.
         Starting Load AppArmor profiles managed internally by snapd...
[[0;32m  OK  [0m] Started Load AppArmor profiles managed internally by snapd.
[   14.251751] cloud-init[475]: Cloud-init v. 21.1-19-gbad84ad4-0ubuntu1~16.04.2 running 'init-local' at Thu, 11 Aug 2022 15:01:45 +0000. Up 13.54 seconds.
[[0;32m  OK  [0m] Started Initial cloud-init job (pre-networking).
[[0;32m  OK  [0m] Reached target Network (Pre).
         Starting Raise network interfaces...
[[0;32m  OK  [0m] Started Raise network interfaces.
[[0;32m  OK  [0m] Reached target Network.
         Starting Initial cloud-init job (metadata service crawler)...
[   18.623122] cloud-init[957]: Cloud-init v. 21.1-19-gbad84ad4-0ubuntu1~16.04.2 running 'init' at Thu, 11 Aug 2022 15:01:48 +0000. Up 15.61 seconds.
[   18.626468] cloud-init[957]: ci-info: ++++++++++++++++++++++++++++++++++++++Net device info++++++++++++++++++++++++++++++++++++++
[   18.631648] cloud-init[957]: ci-info: +--------+------+----------------------------+---------------+--------+-------------------+
[   18.636301] cloud-init[957]: ci-info: | Device |  Up  |          Address           |      Mask     | Scope  |     Hw-Address    |
[   18.642157] cloud-init[957]: ci-info: +--------+------+----------------------------+---------------+--------+-------------------+
[   18.648067] cloud-init[957]: ci-info: | enp0s3 | True |         10.0.2.15          | 255.255.255.0 | global | 02:be:82:6b:cc:1d |
[   18.653771] cloud-init[957]: ci-info: | enp0s3 | True | fe80::be:82ff:fe6b:cc1d/64 |       .       |  link  | 02:be:82:6b:cc:1d |
[   18.658227] cloud-init[957]: ci-info: |   lo   | True |         127.0.0.1          |   255.0.0.0   |  host  |         .         |
[   18.663046] cloud-init[957]: ci-info: |   lo   | True |          ::1/128           |       .       |  host  |         .         |
[   18.672801] cloud-init[957]: ci-info: +--------+------+----------------------------+---------------+--------+-------------------+
[   18.681605] cloud-init[957]: ci-info: +++++++++++++++++++++++++++Route IPv4 info++++++++++++++++++++++++++++
[   18.686360] cloud-init[957]: ci-info: +-------+-------------+----------+---------------+-----------+-------+
[   18.689085] cloud-init[957]: ci-info: | Route | Destination | Gateway  |    Genmask    | Interface | Flags |
[   18.706547] cloud-init[957]: ci-info: +-------+-------------+----------+---------------+-----------+-------+
[   18.717776] cloud-init[957]: ci-info: |   0   |   0.0.0.0   | 10.0.2.2 |    0.0.0.0    |   enp0s3  |   UG  |
[   18.721372] cloud-init[957]: ci-info: |   1   |   10.0.2.0  | 0.0.0.0  | 255.255.255.0 |   enp0s3  |   U   |
[   18.724265] cloud-init[957]: ci-info: +-------+-------------+----------+---------------+-----------+-------+
[   18.727170] cloud-init[957]: ci-info: +++++++++++++++++++Route IPv6 info+++++++++++++++++++
[   18.738266] cloud-init[957]: ci-info: +-------+-------------+---------+-----------+-------+
[   18.741659] cloud-init[957]: ci-info: | Route | Destination | Gateway | Interface | Flags |
[   18.746391] cloud-init[957]: ci-info: +-------+-------------+---------+-----------+-------+
[   18.750577] cloud-init[957]: ci-info: |   0   |  fe80::/64  |    ::   |   enp0s3  |   U   |
[   18.754019] cloud-init[957]: ci-info: |   3   |   ff00::/8  |    ::   |   enp0s3  |   U   |
[   18.763667] cloud-init[957]: ci-info: +-------+-------------+---------+-----------+-------+
[   18.770344] cloud-init[957]: Generating public/private rsa key pair.
[   18.773076] cloud-init[957]: Your identification has been saved in /etc/ssh/ssh_host_rsa_key.
[   18.775959] cloud-init[957]: Your public key has been saved in /etc/ssh/ssh_host_rsa_key.pub.
[   18.781681] cloud-init[957]: The key fingerprint is:
[   18.783582] cloud-init[957]: SHA256:gpzqxa0ab8dZTeRhIQHmaL9rUi0UVWlVWTp9YH30V9Q root@ubuntu-xenial
[   18.786110] cloud-init[957]: The key's randomart image is:
[   18.788138] cloud-init[957]: +---[RSA 2048]----+
[   18.790129] cloud-init[957]: |      oo+oo+..+**|
[   18.792495] cloud-init[957]: |     +.  .*  ..+E|
[   18.795953] cloud-init[957]: |    o .. = .  o *|
[   18.804684] [[0;32m  OK  [0m] Started Initial cloud-init job (metadata service crawler).
[[0;32m  OK  [0m] Reached target Cloud-config availability.
[[0;32m  OK  [0m] Reached target Network is Online.
cloud-init[957]: |   o +.   o    .o|
         Starting iSCSI initiator daemon (iscsid)...
[   18.817145] cloud-init[957]: |    +.o.So       |
[   18.819715] cloud-init[957]: |   o .ooo .      |
[   18.821883] cloud-init[957]: |  o ooo+         |
[   18.826421] [[0;32m  OK  [0m] Reached target System Initialization.
cloud-init[957]: | . +o.=.         |[[0;32m  OK  [0m] Started Daily apt download activities.
[[0;32m  OK  [0m] Started Ubuntu Advantage update messaging.

[   18.835286] [[0;32m  OK  [0m] Started Daily Cleanup of Temporary Directories.
[[0;32m  OK  [0m] Listening on ACPID Listen Socket.
[[0;32m  OK  [0m] Listening on D-Bus System Message Bus Socket.
cloud-init[[957]: [0;32m  OK  [0m] |  ooo+.          |Started Message of the Day.

         Starting Socket activation for snappy daemon.
[   18.842033] cloud-init[957]: +----[SHA256]-----+
[   18.853315] cloud-init[957]: Generating public/private dsa key pair.
[   18.856987] cloud-init[957]: Your identification has been saved in /etc/ssh/ssh_host_dsa_key.
[   18.859889] cloud-init[957]: Your public key has been saved in /etc/ssh/ssh_host_dsa_key.pub.
[   18.865881] cloud-init[957]: The key fingerprint is:
[   18.869146] cloud-init[957]: SHA256:qvXp+fuBN2ZZqUdzS1/sWGttD2XMp8mlFXCstRblzqk root@ubuntu-xenial
[   18.881896] cloud-init[957]: The key's randomart image is:
[   18.883958] cloud-init[957]: +---[DSA 1024]----+
[   18.885975] cloud-init[957]: |             ...o|
[   18.888382] cloud-init[957]: |              o= |
[   18.890536] cloud-init[957]: |              o.+|
[   18.892500] cloud-init[957]: |             . Xo|
[   18.896142] cloud-init[957]: |        S     *o/|
[   18.898756] cloud-init[957]: |       .   . *o#B|
[   18.902042] cloud-init[957]: |      o   . OEO+=|
[   18.904376] cloud-init[957]: |     o . o + +.o.|
[   18.906249] cloud-init[957]: |    .  .=.oo.   .|
[   18.908175] cloud-init[957]: +----[SHA256]-----+
[   18.910112] cloud-init[957]: Generating public/private ecdsa key pair.
[   18.912824] cloud-init[957]: Your identification has been saved in /etc/ssh/ssh_host_ecdsa_key.
[   18.915094] cloud-init[957]: Your public key has been saved in /etc/ssh/ssh_host_ecdsa_key.pub.
[   18.917556] cloud-init[957]: The key fingerprint is:
[   18.919236] cloud-init[957]: SHA256:rLhkGObhJPzp+Pe/Cvhmlj9oO2KbHoOfYpQ7CpUXDSQ root@ubuntu-xenial
[   18.923448]          cloud-initStarting LXD - unix socket.[957]: 
The key's randomart image is:
[   18.932563] [[0;32m  OK  [0m] Started Daily apt upgrade and clean activities.
[[0;32m  OK  [0m] Reached target Timers.
[[0;32m  OK  [0m] Listening on UUID daemon activation socket.
cloud-init[957]: +---[ECDSA 256]---+
[[0;32m  OK  [0m] Started ACPI Events Check.
[[0;32m  OK  [0m] Reached target Paths.
[   18.945496] cloud-init[957]: |  E.o            |
[   18.949597] [[0;32m  OK  [0m] Listening on Socket activation for snappy daemon.
[[0;32m  OK  [0m] Listening on LXD - unix socket.
[[0;32m  OK  [0m] Reached target Sockets.
[[0;32m  OK  [0m] Reached target Basic System.
cloud-init[957]: |   . o           |
[   18.956552] cloud-init[957]: |    . .          |
[   18.958712] cloud-init[957]: |.  . . .         |
[   18.961612] cloud-init[957]: |..O .   S        |
[   18.962882] cloud-init[957]: | Xo=o. .         |
[   18.965709] cloud-init[957]: |o.=*+.+          |
[   18.972432] cloud-init[957]: |.=+=*@..         |
[   18.972667] cloud-init[957]: |+.*OXo=++o.      |
         Starting LXD - container startup/shutdown...
[   18.972751] cloud-init[957]: +----[SHA256]-----+
[[0;32m  OK  [0m] Started D-Bus System Message Bus.
[   18.982054] cloud-init[957]: Generating public/private ed25519 key pair.
[   18.986533] cloud-init[957]: Your identification has been saved in /etc/ssh/ssh_host_ed25519_key.
[   18.989300] cloud-init[957]: Your public key has been saved in /etc/ssh/ssh_host_ed25519_key.pub.
[   18.991660] cloud-init[957]: The key fingerprint is:
[   18.993815] cloud-init[957]: SHA256:ffpSwfz6wKx0JtvRHaJGrUm20mGFjHNrpefFi5fNXkc root@ubuntu-xenial
[   18.998965] cloud-init[957]: The key's randomart image is:
[   19.002800] cloud-init[957]: +--[ED25519 256]--+
[   19.004251] cloud-init[957]: |                 |
[   19.006074] cloud-init[957]: |          o .    |
[   19.007848] cloud-init[957]: |         o * o   |
[   19.009907] cloud-init[957]: |         .o X .  |
[   19.013158] cloud-init[957]: |        S .X.* +E|
[   19.015386] cloud-init[957]: |          B=X.=+=|
[   19.020474] cloud-init[957]: |         .+OB+.+*|
[   19.022413] cloud-init[957]: |         .+O.o..o|
[   19.029819] cloud-init[957]: |          o.o.. .|
[   19.036757] cloud-init[957]: +----[SHA256]-----+
         Starting LSB: MD monitoring daemon...
[[0;32m  OK  [0m] Started FUSE filesystem for LXC.
[[0;32m  OK  [0m] Started ACPI event daemon.
         Starting Virtualbox guest utils...
         Starting Accounts Service...
         Starting LSB: Record successful boot for GRUB...
         Starting Pollinate to seed the pseudo random number generator...
         Starting /etc/rc.local Compatibility...
[[0;32m  OK  [0m] Started Regular background program processing daemon.
[[0;32m  OK  [0m] Started Deferred execution scheduler.
         Starting System Logging Service...
         Starting Login Service...
         Starting Snap Daemon...
[[0;32m  OK  [0m] Started /etc/rc.local Compatibility.
[[0;32m  OK  [0m] Started iSCSI initiator daemon (iscsid).
         Starting Login to default iSCSI targets...
[[0;32m  OK  [0m] Started LSB: MD monitoring daemon.
[[0;32m  OK  [0m] Started LSB: Record successful boot for GRUB.
[[0;32m  OK  [0m] Started System Logging Service.
[[0;32m  OK  [0m] Started Login to default iSCSI targets.
[[0;32m  OK  [0m] Reached target Remote File Systems (Pre).
[[0;32m  OK  [0m] Reached target Remote File Systems.
         Starting LSB: Set the CPU Frequency Scaling governor to "ondemand"...
         Starting LSB: automatic crash report generation...
         Starting Permit User Sessions...
         Starting LSB: daemon to balance interrupts for SMP systems...
[[0;32m  OK  [0m] Started LSB: Set the CPU Frequency Scaling governor to "ondemand".
[[0;32m  OK  [0m] Started Login Service.
[[0;32m  OK  [0m] Started Unattended Upgrades Shutdown.
[[0;32m  OK  [0m] Started Permit User Sessions.
         Starting Terminate Plymouth Boot Screen...
         Starting Hold until boot process finishes up...
[[0;32m  OK  [0m] Started Hold until boot process finishes up.
[[0;32m  OK  [0m] Started Terminate Plymouth Boot Screen.
         Starting Set console scheme...
[[0;32m  OK  [0m] Started Serial Getty on ttyS0.
[[0;32m  OK  [0m] Started Getty on tty1.
[[0;32m  OK  [0m] Reached target Login Prompts.
[[0;32m  OK  [0m] Started LSB: automatic crash report generation.
[[0;32m  OK  [0m] Started Set console scheme.
[[0;32m  OK  [0m] Started Virtualbox guest utils.
[[0;32m  OK  [0m] Started LSB: daemon to balance interrupts for SMP systems.
         Starting Authenticate and Authorize Users to Run Privileged Tasks...
[[0;32m  OK  [0m] Started Authenticate and Authorize Users to Run Privileged Tasks.
[[0;32m  OK  [0m] Started Accounts Service.
[[0;32m  OK  [0m] Started LXD - container startup/shutdown.
[[0;32m  OK  [0m] Started Pollinate to seed the pseudo random number generator.
         Starting OpenBSD Secure Shell server...
[[0;32m  OK  [0m] Started OpenBSD Secure Shell server.
[[0;32m  OK  [0m] Started Snap Daemon.
         Starting Wait until snapd is fully seeded...
[[0;32m  OK  [0m] Created slice User Slice of vagrant.
[[0;32m  OK  [0m] Started Session 1 of user vagrant.
         Starting User Manager for UID 1000...
[[0;32m  OK  [0m] Started User Manager for UID 1000.

Ubuntu 16.04.7 LTS ubuntu-xenial ttyS0

ubuntu-xenial login: [   27.608110] cloud-init[1382]: Generating locales (this might take a while)...
[   29.541359] cloud-init[1382]:   en_US.UTF-8... done
[   29.542536] cloud-init[1382]: Generation complete.
[   31.018388] cloud-init[1382]: Cloud-init v. 21.1-19-gbad84ad4-0ubuntu1~16.04.2 running 'modules:config' at Thu, 11 Aug 2022 15:01:59 +0000. Up 27.09 seconds.
ci-info: no authorized SSH keys fingerprints found for user ubuntu.
<14>Aug 11 15:02:04 ec2: 
<14>Aug 11 15:02:04 ec2: #############################################################
<14>Aug 11 15:02:04 ec2: -----BEGIN SSH HOST KEY FINGERPRINTS-----
<14>Aug 11 15:02:04 ec2: 1024 SHA256:qvXp+fuBN2ZZqUdzS1/sWGttD2XMp8mlFXCstRblzqk root@ubuntu-xenial (DSA)
<14>Aug 11 15:02:04 ec2: 256 SHA256:rLhkGObhJPzp+Pe/Cvhmlj9oO2KbHoOfYpQ7CpUXDSQ root@ubuntu-xenial (ECDSA)
<14>Aug 11 15:02:04 ec2: 256 SHA256:ffpSwfz6wKx0JtvRHaJGrUm20mGFjHNrpefFi5fNXkc root@ubuntu-xenial (ED25519)
<14>Aug 11 15:02:04 ec2: 2048 SHA256:gpzqxa0ab8dZTeRhIQHmaL9rUi0UVWlVWTp9YH30V9Q root@ubuntu-xenial (RSA)
<14>Aug 11 15:02:04 ec2: -----END SSH HOST KEY FINGERPRINTS-----
<14>Aug 11 15:02:04 ec2: #############################################################
-----BEGIN SSH HOST KEY KEYS-----
ecdsa-sha2-nistp256 AAAAE2VjZHNhLXNoYTItbmlzdHAyNTYAAAAIbmlzdHAyNTYAAABBBPbESEOl92KV7NbWfjH2Vl6uyn7L7DEeHnIbuizbmX1I8IOhZe69KTpsUlTGXBvVJdnWyCpJozaIahnifmVfDlM= root@ubuntu-xenial
ssh-ed25519 AAAAC3NzaC1lZDI1NTE5AAAAICmTZmz038KquM2dwKC35hWC+GTksBqIErvY2R2T7tDl root@ubuntu-xenial
ssh-rsa AAAAB3NzaC1yc2EAAAADAQABAAABAQC1SuFaSzZyBwApbSH6IuVBnzrkIMi7/zGzQz7VnX+0vu5zIX/YPTNiCqWPgrwpNMTiyozGABB1bh8KYuL3XgU3f2Zbc5SaS75bhKH1AOA8oXMKsbdwirCuCUKinDqLqAe3FtzTQObiUXWs4zdHql2RDeH980PgC6jykTJmS8Xf5o+MvRbx8dcpVkqe2msoI3/H0oS87pLL+/baMFdhLYkGzmYVqxg/h2rfhSqoHPh+b3sVAuiD8I5W9wtnIeBRqYCPn71lC2qvY3H9baY58EekETDuZKydz0rCCkTpvYUGjZSR7BwqOZuK9Hk+Fx4CcjUFrWDKFqvQjFIdMEe5PNfl root@ubuntu-xenial
-----END SSH HOST KEY KEYS-----
[   32.071834] cloud-init[1571]: Cloud-init v. 21.1-19-gbad84ad4-0ubuntu1~16.04.2 running 'modules:final' at Thu, 11 Aug 2022 15:02:03 +0000. Up 31.56 seconds.
[   32.072174] cloud-init[1571]: ci-info: no authorized SSH keys fingerprints found for user ubuntu.
[   32.072320] cloud-init[1571]: Cloud-init v. 21.1-19-gbad84ad4-0ubuntu1~16.04.2 finished at Thu, 11 Aug 2022 15:02:04 +0000. Datasource DataSourceNoCloud [seed=/dev/sdb][dsmode=net].  Up 32.05 seconds
